Example 'Traffic light' doesn't have description.
Example 'Multi-declarations' doesn't have description.
Example 'Data classes' doesn't have description.